
     | | | | | | |
   _________________
  -|               |-
  -|               |-
  -|               |-
  -|    CYPRESS    |-
  -|               |-
  -|               |-   Warp VHDL Synthesis Compiler: Version 6.3 IR 35
  -|               |-   Copyright (C) 1991-2001 Cypress Semiconductor
   |_______________|
     | | | | | | |

======================================================================
Compiling:  hexa.vhd
Options:    -m -yu -e10 -w100 -o2 -ygs -fP -v10 -dc22v10 -ppalc22v10d-15pc -b hexa.vhd -u hexadec.hie
======================================================================

vhdlfe V6.3 IR 35:  VHDL parser
Thu Sep 19 22:00:18 2019

Library 'work' => directory 'lc22v10'
Linking 'C:\Archivos de programa\Cypress\Warp\bin\std.vhd'.
Linking 'C:\Archivos de programa\Cypress\Warp\lib\common\cypress.vhd'.
Linking 'C:\Archivos de programa\Cypress\Warp\lib\common\work\cypress.vif'.
Library 'ieee' => directory 'C:\Archivos de programa\Cypress\Warp\lib\ieee\work'
Linking 'C:\Archivos de programa\Cypress\Warp\lib\ieee\work\stdlogic.vif'.
Linking 'C:\Archivos de programa\Cypress\Warp\lib\ieee\work\syntocyp.vif'.
Linking 'C:\Archivos de programa\Cypress\Warp\lib\ieee\work\synarith.vif'.
Linking 'C:\Archivos de programa\Cypress\Warp\lib\ieee\work\synusgnd.vif'.

vhdlfe:  No errors.


tovif V6.3 IR 35:  High-level synthesis
Thu Sep 19 22:00:18 2019

Linking 'C:\Archivos de programa\Cypress\Warp\bin\std.vhd'.
Linking 'C:\Archivos de programa\Cypress\Warp\lib\common\cypress.vhd'.
Linking 'C:\Archivos de programa\Cypress\Warp\lib\common\work\cypress.vif'.
Linking 'C:\Archivos de programa\Cypress\Warp\lib\ieee\work\stdlogic.vif'.
Linking 'C:\Archivos de programa\Cypress\Warp\lib\ieee\work\syntocyp.vif'.
Linking 'C:\Archivos de programa\Cypress\Warp\lib\ieee\work\synarith.vif'.
Linking 'C:\Archivos de programa\Cypress\Warp\lib\ieee\work\synusgnd.vif'.

tovif:  No errors.


topld V6.3 IR 35:  Synthesis and optimization
Thu Sep 19 22:00:19 2019

Linking 'C:\Archivos de programa\Cypress\Warp\bin\std.vhd'.
Linking 'C:\Archivos de programa\Cypress\Warp\lib\common\cypress.vhd'.
Linking 'C:\Archivos de programa\Cypress\Warp\lib\common\work\cypress.vif'.
Linking 'C:\Archivos de programa\Cypress\Warp\lib\ieee\work\stdlogic.vif'.
Linking 'C:\Archivos de programa\Cypress\Warp\lib\ieee\work\syntocyp.vif'.
Linking 'C:\Archivos de programa\Cypress\Warp\lib\ieee\work\synarith.vif'.
Linking 'C:\Archivos de programa\Cypress\Warp\lib\ieee\work\synusgnd.vif'.

----------------------------------------------------------
Detecting unused logic.
----------------------------------------------------------



------------------------------------------------------
Alias Detection
------------------------------------------------------

------------------------------------------------------
Aliased 0 equations, 20 wires.
------------------------------------------------------

----------------------------------------------------------
Circuit simplification
----------------------------------------------------------

----------------------------------------------------------
Circuit simplification results:

	Expanded 0 signals.
	Turned 0 signals into soft nodes.
	Maximum default expansion cost was set at 10.
----------------------------------------------------------
Created 38 PLD nodes.

topld:  No errors.

----------------------------------------------------------------------------
PLD Optimizer Software:       DSGNOPT.EXE    31/03/2000  [v4.02 ] 6.3 IR 35

DESIGN HEADER INFORMATION  (22:00:20)

Input File(s): hexa.pla
Device       : C22V10
Package      : palc22v10d-15pc
ReportFile   : hexa.rpt

Program Controls:
    COMMAND LANGUAGE_VHDL 
    COMMAND PROPERTY BUS_HOLD ENABLE 

Signal Requests:
    GROUP USEPOL ALL
    GROUP FAST_SLEW ALL

Completed Successfully  
----------------------------------------------------------------------------
PLD Optimizer Software:       DSGNOPT.EXE    31/03/2000  [v4.02 ] 6.3 IR 35

OPTIMIZATION OPTIONS       (22:00:20)

Messages:
  Information: Process virtual 'estado_0D'estado_0D ... expanded.
  Information: Process virtual 'estado_1D'estado_1D ... expanded.
  Information: Process virtual 'estado_2D'estado_2D ... expanded.
  Information: Process virtual 'estado_3D'estado_3D ... expanded.
  Information: Process virtual 'estado_4D'estado_4D ... expanded.
  Information: Process virtual 'estado_5D'estado_5D ... expanded.
  Information: Process virtual 'estado_6D'estado_6D ... expanded.
  Information: Process virtual 'estado_0'estado_0 ... expanded.
  Information: Process virtual 'estado_1'estado_1 ... expanded.
  Information: Process virtual 'estado_2'estado_2 ... expanded.
  Information: Process virtual 'estado_3'estado_3 ... expanded.
  Information: Process virtual 'estado_4'estado_4 ... expanded.
  Information: Process virtual 'estado_5'estado_5 ... expanded.
  Information: Process virtual 'estado_6'estado_6 ... expanded.
  Information: Optimizing logic using best output polarity for signals:
         display(0).D display(1).D display(2).D display(3).D display(4).D
         display(5).D display(6).D

  Information: Selected logic optimization OFF for signals:
         display(0).AP display(0).C display(1).AR display(1).C display(2).AR
         display(2).C display(3).AR display(3).C display(4).AR display(4).C
         display(5).AR display(5).C display(6).AR display(6).C



Summary:
                 Error Count = 0      Warning Count = 0

Completed Successfully  
----------------------------------------------------------------------------
PLD Optimizer Software:       MINOPT.EXE     01/NOV/1999  [v4.02 ] 6.3 IR 35

LOGIC MINIMIZATION         ()

Messages:


Summary:
                 Error Count = 0      Warning Count = 0

Completed Successfully
----------------------------------------------------------------------------
PLD Optimizer Software:       DSGNOPT.EXE    31/03/2000  [v4.02 ] 6.3 IR 35

OPTIMIZATION OPTIONS       (22:00:20)

Messages:
  Information: Optimizing Banked Preset/Reset requirements.


Summary:
                 Error Count = 0      Warning Count = 0

Completed Successfully  
----------------------------------------------------------------------------
PLD Compiler Software:        PLA2JED.EXE    31/03/2000  [v4.02 ] 6.3 IR 35

<CYPRESSTAG name="Equations" icon=FILE_RPT_EQUATION>
DESIGN EQUATIONS           (22:00:20)
</CYPRESSTAG>

    /display(0).D =
          display(0).Q * display(1).Q * display(2).Q * display(3).Q * 
          /display(4).Q * /display(5).Q * e 
        + /display(0).Q * display(1).Q * /display(2).Q * /display(3).Q * 
          /display(4).Q * /display(5).Q * display(6).Q 
        + /display(1).Q * /display(2).Q * /display(3).Q * display(4).Q * 
          display(5).Q * /display(6).Q * e 
        + /display(0).Q * /display(1).Q * display(2).Q * /display(3).Q * 
          /display(4).Q * display(5).Q * /display(6).Q 
        + /display(0).Q * display(1).Q * /display(2).Q * /display(3).Q * 
          display(4).Q * /display(5).Q * /display(6).Q 
        + /display(0).Q * display(1).Q * display(2).Q * /display(3).Q * 
          /display(4).Q * /display(5).Q * /display(6).Q 
        + /display(0).Q * /display(1).Q * display(2).Q * display(3).Q * 
          /display(4).Q * /display(5).Q 
        + /display(0).Q * /display(1).Q * /display(2).Q * /display(4).Q * 
          /display(5).Q * /display(6).Q 
        + /display(0).Q * /e 

    display(0).AR =
          clr 

    display(0).SP =
          GND

    display(0).C =
          clk 

    display(1).D =
          display(0).Q * /display(1).Q * /display(2).Q * /display(3).Q * 
          display(4).Q * display(5).Q * /display(6).Q * e 
        + /display(0).Q * /display(1).Q * /display(2).Q * /display(3).Q * 
          /display(4).Q * display(5).Q * /display(6).Q * e 
        + display(0).Q * /display(1).Q * /display(2).Q * /display(3).Q * 
          /display(4).Q * /display(5).Q * /display(6).Q * e 
        + display(0).Q * display(1).Q * display(2).Q * display(3).Q * 
          /display(4).Q * /display(5).Q * display(6).Q 
        + /display(0).Q * display(1).Q * /display(2).Q * /display(3).Q * 
          display(4).Q * /display(5).Q * /display(6).Q 
        + display(1).Q * /e 

    display(1).AR =
          clr 

    display(1).SP =
          GND

    display(1).C =
          clk 

    display(2).D =
          /display(0).Q * display(1).Q * /display(2).Q * /display(3).Q * 
          display(4).Q * /display(5).Q * /display(6).Q * e 
        + /display(0).Q * /display(1).Q * display(2).Q * display(3).Q * 
          /display(4).Q * /display(5).Q * display(6).Q 
        + /display(0).Q * /display(1).Q * /display(2).Q * /display(3).Q * 
          /display(4).Q * /display(6).Q * e 
        + /display(0).Q * display(1).Q * display(2).Q * /display(3).Q * 
          /display(4).Q * /display(5).Q * /display(6).Q 
        + /display(1).Q * /display(2).Q * /display(3).Q * /display(4).Q * 
          /display(5).Q * /display(6).Q * e 
        + display(2).Q * /e 

    display(2).AR =
          clr 

    display(2).SP =
          GND

    display(2).C =
          clk 

    display(3).D =
          /display(0).Q * display(1).Q * display(2).Q * /display(3).Q * 
          /display(4).Q * /display(5).Q * /display(6).Q * e 
        + /display(0).Q * /display(1).Q * /display(2).Q * /display(3).Q * 
          display(5).Q * /display(6).Q * e 
        + /display(0).Q * /display(1).Q * display(2).Q * display(3).Q * 
          /display(4).Q * /display(5).Q * /display(6).Q 
        + /display(1).Q * /display(2).Q * /display(3).Q * /display(4).Q * 
          /display(5).Q * /display(6).Q * e 
        + display(3).Q * /e 

    display(3).AR =
          clr 

    display(3).SP =
          GND

    display(3).C =
          clk 

    display(4).D =
          /display(0).Q * /display(1).Q * /display(2).Q * /display(3).Q * 
          /display(4).Q * display(5).Q * display(6).Q * e 
        + display(0).Q * display(1).Q * display(2).Q * display(3).Q * 
          /display(4).Q * /display(5).Q * display(6).Q * e 
        + /display(0).Q * display(1).Q * /display(2).Q * /display(3).Q * 
          /display(4).Q * /display(5).Q * display(6).Q * e 
        + /display(0).Q * /display(1).Q * /display(2).Q * /display(3).Q * 
          display(4).Q * display(5).Q * /display(6).Q 
        + display(4).Q * /e 

    display(4).AR =
          clr 

    display(4).SP =
          GND

    display(4).C =
          clk 

    display(5).D =
          /display(0).Q * /display(1).Q * display(2).Q * display(3).Q * 
          /display(4).Q * /display(5).Q * display(6).Q * e 
        + /display(0).Q * display(1).Q * /display(2).Q * /display(3).Q * 
          /display(4).Q * /display(5).Q * display(6).Q * e 
        + /display(0).Q * /display(1).Q * /display(2).Q * display(3).Q * 
          /display(4).Q * /display(5).Q * /display(6).Q * e 
        + /display(0).Q * /display(1).Q * /display(2).Q * /display(3).Q * 
          /display(4).Q * display(5).Q * display(6).Q 
        + /display(0).Q * /display(1).Q * /display(2).Q * /display(3).Q * 
          display(4).Q * display(5).Q * /display(6).Q 
        + /display(0).Q * /display(1).Q * display(2).Q * /display(3).Q * 
          /display(4).Q * display(5).Q * /display(6).Q 
        + display(5).Q * /e 

    display(5).AR =
          clr 

    display(5).SP =
          GND

    display(5).C =
          clk 

    display(6).D =
          /display(0).Q * /display(1).Q * /display(2).Q * display(3).Q * 
          /display(4).Q * /display(5).Q * /display(6).Q * e 
        + display(0).Q * /display(1).Q * /display(2).Q * /display(3).Q * 
          display(4).Q * display(5).Q * /display(6).Q * e 
        + /display(0).Q * display(1).Q * display(2).Q * /display(3).Q * 
          /display(4).Q * /display(5).Q * /display(6).Q * e 
        + display(0).Q * /display(1).Q * /display(2).Q * /display(3).Q * 
          /display(4).Q * /display(5).Q * /display(6).Q * e 
        + display(6).Q * /e 

    display(6).AR =
          clr 

    display(6).SP =
          GND

    display(6).C =
          clk 


Completed Successfully  
----------------------------------------------------------------------------
PLD Compiler Software:        PLA2JED.EXE    31/03/2000  [v4.02 ] 6.3 IR 35

DESIGN RULE CHECK          (22:00:20)

Messages:
                 None.


Summary:
                 Error Count = 0      Warning Count = 0

Completed Successfully  
----------------------------------------------------------------------------
PLD Compiler Software:        PLA2JED.EXE    31/03/2000  [v4.02 ] 6.3 IR 35

<CYPRESSTAG name="Pinout" icon=FILE_RPT_PINOUT>
PINOUT INFORMATION   (22:00:20)
</CYPRESSTAG>
Messages:
  Information: All signals pre-placed in user design.


                                 C22V10
                 __________________________________________
            clk =| 1|                                  |24|* not used       
            clr =| 2|                                  |23|* not used       
              e =| 3|                                  |22|* not used       
       not used *| 4|                                  |21|= display(6)     
       not used *| 5|                                  |20|= display(5)     
       not used *| 6|                                  |19|= display(4)     
       not used *| 7|                                  |18|= display(3)     
       not used *| 8|                                  |17|= display(2)     
       not used *| 9|                                  |16|= display(1)     
       not used *|10|                                  |15|= display(0)     
       not used *|11|                                  |14|* not used       
       not used *|12|                                  |13|* not used       
                 __________________________________________


Summary:
                 Error Count = 0      Warning Count = 0

Completed Successfully  
  Information: Checking for duplicate NODE logic.
----------------------------------------------------------------------------
PLD Compiler Software:        PLA2JED.EXE    31/03/2000  [v4.02 ] 6.3 IR 35

<CYPRESSTAG name="Utilization" icon=FILE_RPT_UTILIZATION>
RESOURCE UTILIZATION (22:00:20)
</CYPRESSTAG>
  Information: Macrocell Utilization.

                     Description        Used     Max
                 ______________________________________
                 | Dedicated Inputs   |    2  |   11  |
                 | Clock/Inputs       |    1  |    1  |
                 | I/O Macrocells     |    7  |   10  |
                 ______________________________________
                                          10  /   22   = 45  %


  Information: Output Logic Product Term Utilization.

                  Node#  Output Signal Name  Used   Max
                 ________________________________________
                 | 14  |  Unused          |   0  |   8  |
                 | 15  |  display(0)      |   9  |  10  |
                 | 16  |  display(1)      |   6  |  12  |
                 | 17  |  display(2)      |   6  |  14  |
                 | 18  |  display(3)      |   5  |  16  |
                 | 19  |  display(4)      |   5  |  16  |
                 | 20  |  display(5)      |   7  |  14  |
                 | 21  |  display(6)      |   5  |  12  |
                 | 22  |  Unused          |   0  |  10  |
                 | 23  |  Unused          |   0  |   8  |
                 | 25  |  Unused          |   0  |   1  |
                 ________________________________________
                                             43  / 121   = 35  %


Completed Successfully  
----------------------------------------------------------------------------
PLD Compiler Software:        PLA2JED.EXE    31/03/2000  [v4.02 ] 6.3 IR 35

JEDEC ASSEMBLE             (22:00:20)

Messages:
  Information: Output file 'hexa.pin' created.
  Information: Output file 'hexa.jed' created.

  Usercode:    
  Checksum:    E7EB



Summary:
                 Error Count = 0      Warning Count = 0

Completed Successfully at 22:00:20
