
     | | | | | | |
   _________________
  -|               |-
  -|               |-
  -|               |-
  -|    CYPRESS    |-
  -|               |-
  -|               |-   Warp VHDL Synthesis Compiler: Version 6.3 IR 35
  -|               |-   Copyright (C) 1991-2001 Cypress Semiconductor
   |_______________|
     | | | | | | |

======================================================================
Compiling:  p4.vhd
Options:    -m -yu -e10 -w100 -o2 -ygs -fP -v10 -dc22v10 -ppalc22v10d-15pc -b p4.vhd -u p4.hie
======================================================================

vhdlfe V6.3 IR 35:  VHDL parser
Thu Sep 12 08:46:25 2019

Library 'work' => directory 'lc22v10'
Linking 'C:\Archivos de programa\Cypress\Warp\bin\std.vhd'.
Linking 'C:\Archivos de programa\Cypress\Warp\lib\common\cypress.vhd'.
Linking 'C:\Archivos de programa\Cypress\Warp\lib\common\work\cypress.vif'.
Library 'ieee' => directory 'C:\Archivos de programa\Cypress\Warp\lib\ieee\work'
Linking 'C:\Archivos de programa\Cypress\Warp\lib\ieee\work\stdlogic.vif'.

vhdlfe:  No errors.


tovif V6.3 IR 35:  High-level synthesis
Thu Sep 12 08:46:26 2019

Linking 'C:\Archivos de programa\Cypress\Warp\bin\std.vhd'.
Linking 'C:\Archivos de programa\Cypress\Warp\lib\common\cypress.vhd'.
Linking 'C:\Archivos de programa\Cypress\Warp\lib\common\work\cypress.vif'.
Linking 'C:\Archivos de programa\Cypress\Warp\lib\ieee\work\stdlogic.vif'.

tovif:  No errors.


topld V6.3 IR 35:  Synthesis and optimization
Thu Sep 12 08:46:26 2019

Linking 'C:\Archivos de programa\Cypress\Warp\bin\std.vhd'.
Linking 'C:\Archivos de programa\Cypress\Warp\lib\common\cypress.vhd'.
Linking 'C:\Archivos de programa\Cypress\Warp\lib\common\work\cypress.vif'.
Linking 'C:\Archivos de programa\Cypress\Warp\lib\ieee\work\stdlogic.vif'.

----------------------------------------------------------
Detecting unused logic.
----------------------------------------------------------



------------------------------------------------------
Alias Detection
------------------------------------------------------

------------------------------------------------------
Aliased 0 equations, 6 wires.
------------------------------------------------------

----------------------------------------------------------
Circuit simplification
----------------------------------------------------------

----------------------------------------------------------
Circuit simplification results:

	Expanded 2 signals.
	Turned 0 signals into soft nodes.
	Maximum default expansion cost was set at 10.
----------------------------------------------------------

------------------------------------------------------
Alias Detection
------------------------------------------------------

------------------------------------------------------
Aliased 0 equations, 0 wires.
------------------------------------------------------
Created 21 PLD nodes.

topld:  No errors.

----------------------------------------------------------------------------
PLD Optimizer Software:       DSGNOPT.EXE    31/03/2000  [v4.02 ] 6.3 IR 35

DESIGN HEADER INFORMATION  (08:46:27)

Input File(s): p4.pla
Device       : C22V10
Package      : palc22v10d-15pc
ReportFile   : p4.rpt

Program Controls:
    COMMAND LANGUAGE_VHDL 
    COMMAND PROPERTY BUS_HOLD ENABLE 

Signal Requests:
    GROUP USEPOL ALL
    GROUP FAST_SLEW ALL

Completed Successfully  
----------------------------------------------------------------------------
PLD Optimizer Software:       DSGNOPT.EXE    31/03/2000  [v4.02 ] 6.3 IR 35

OPTIMIZATION OPTIONS       (08:46:27)

Messages:
  Information: Process virtual 'q1D'q1D ... expanded.
  Information: Process virtual 'q2D'q2D ... expanded.
  Information: Optimizing logic using best output polarity for signals:
         display(0) q1.D q2.D

  Information: Selected logic optimization OFF for signals:
         display(1) display(2) display(3) display(4) display(5) display(6)
         q0.D q0.AP q0.C q1.AP q1.C q2.AR q2.C



Summary:
                 Error Count = 0      Warning Count = 0

Completed Successfully  
----------------------------------------------------------------------------
PLD Optimizer Software:       MINOPT.EXE     01/NOV/1999  [v4.02 ] 6.3 IR 35

LOGIC MINIMIZATION         ()

Messages:


Summary:
                 Error Count = 0      Warning Count = 0

Completed Successfully
----------------------------------------------------------------------------
PLD Optimizer Software:       DSGNOPT.EXE    31/03/2000  [v4.02 ] 6.3 IR 35

OPTIMIZATION OPTIONS       (08:46:27)

Messages:
  Information: Optimizing Banked Preset/Reset requirements.
  Information: Selecting D register equation as minimal for signal q2
  Information: Inverting Preset/Reset & output logic polarity for q1.
  Information: Selecting D register equation as minimal for signal q1
  Information: Inverting Preset/Reset & output logic polarity for q0.
  Information: Selecting D register equation as minimal for signal q0
  Information: Optimizing logic without changing polarity for signals:
         display(0) q1.D q2.D

  Information: Selected logic optimization OFF for signals:
         display(1) display(2) display(3) display(4) display(5) display(6)
         q0.D q0.AR q0.SP q0.C q1.AR q1.SP q1.C q2.AR q2.SP q2.C



Summary:
                 Error Count = 0      Warning Count = 0

Completed Successfully  
----------------------------------------------------------------------------
PLD Optimizer Software:       MINOPT.EXE     01/NOV/1999  [v4.02 ] 6.3 IR 35

LOGIC MINIMIZATION         ()

Messages:


Summary:
                 Error Count = 0      Warning Count = 0

Completed Successfully
----------------------------------------------------------------------------
PLD Optimizer Software:       DSGNOPT.EXE    31/03/2000  [v4.02 ] 6.3 IR 35

OPTIMIZATION OPTIONS       (08:46:27)

Messages:


Summary:
                 Error Count = 0      Warning Count = 0

Completed Successfully  
----------------------------------------------------------------------------
PLD Compiler Software:        PLA2JED.EXE    31/03/2000  [v4.02 ] 6.3 IR 35

<CYPRESSTAG name="Equations" icon=FILE_RPT_EQUATION>
DESIGN EQUATIONS           (08:46:27)
</CYPRESSTAG>

    display(0) =
          /q0.Q * q1.Q * q2.Q 
        + q0.Q * q1.Q * /q2.Q 

    display(1) =
          /q0.Q * q1.Q * q2.Q 

    display(2) =
          q0.Q * /q1.Q * q2.Q 

    display(3) =
          VCC

    display(4) =
          q0.Q * q1.Q * /q2.Q 

    display(5) =
          display(0) 

    display(6) =
          display(4) 

    /q0.D =
          /display(0) 

    q0.AR =
          clr 

    q0.SP =
          GND

    q0.C =
          clk 

    /q1.D =
          q0.Q * q1.Q 
        + /q0.Q * /q1.Q 
        + /q2.Q 

    q1.AR =
          clr 

    q1.SP =
          GND

    q1.C =
          clk 

    q2.D =
          q0.Q * /q1.Q * q2.Q 
        + q0.Q * q1.Q * /q2.Q 

    q2.AR =
          clr 

    q2.SP =
          GND

    q2.C =
          clk 


Completed Successfully  
----------------------------------------------------------------------------
PLD Compiler Software:        PLA2JED.EXE    31/03/2000  [v4.02 ] 6.3 IR 35

DESIGN RULE CHECK          (08:46:27)

Messages:
                 None.


Summary:
                 Error Count = 0      Warning Count = 0

Completed Successfully  
----------------------------------------------------------------------------
PLD Compiler Software:        PLA2JED.EXE    31/03/2000  [v4.02 ] 6.3 IR 35

<CYPRESSTAG name="Pinout" icon=FILE_RPT_PINOUT>
PINOUT INFORMATION   (08:46:27)
</CYPRESSTAG>
Messages:
  Information: All signals pre-placed in user design.


                                 C22V10
                 __________________________________________
            clk =| 1|                                  |24|* not used       
            clr =| 2|                                  |23|= q1             
       not used *| 3|                                  |22|= display(4)     
       not used *| 4|                                  |21|= display(5)     
       not used *| 5|                                  |20|= display(2)     
       not used *| 6|                                  |19|= display(0)     
       not used *| 7|                                  |18|= display(1)     
       not used *| 8|                                  |17|= display(3)     
       not used *| 9|                                  |16|= display(6)     
       not used *|10|                                  |15|= q0             
       not used *|11|                                  |14|= q2             
       not used *|12|                                  |13|* not used       
                 __________________________________________


Summary:
                 Error Count = 0      Warning Count = 0

Completed Successfully  
  Information: Checking for duplicate NODE logic.
----------------------------------------------------------------------------
PLD Compiler Software:        PLA2JED.EXE    31/03/2000  [v4.02 ] 6.3 IR 35

<CYPRESSTAG name="Utilization" icon=FILE_RPT_UTILIZATION>
RESOURCE UTILIZATION (08:46:27)
</CYPRESSTAG>
  Information: Macrocell Utilization.

                     Description        Used     Max
                 ______________________________________
                 | Dedicated Inputs   |    1  |   11  |
                 | Clock/Inputs       |    1  |    1  |
                 | I/O Macrocells     |   10  |   10  |
                 ______________________________________
                                          12  /   22   = 54  %


  Information: Output Logic Product Term Utilization.

                  Node#  Output Signal Name  Used   Max
                 ________________________________________
                 | 14  |  q2              |   2  |   8  |
                 | 15  |  q0              |   1  |  10  |
                 | 16  |  display(6)      |   1  |  12  |
                 | 17  |  display(3)      |   1  |  14  |
                 | 18  |  display(1)      |   1  |  16  |
                 | 19  |  display(0)      |   2  |  16  |
                 | 20  |  display(2)      |   1  |  14  |
                 | 21  |  display(5)      |   1  |  12  |
                 | 22  |  display(4)      |   1  |  10  |
                 | 23  |  q1              |   3  |   8  |
                 | 25  |  Unused          |   0  |   1  |
                 ________________________________________
                                             14  / 121   = 11  %


Completed Successfully  
----------------------------------------------------------------------------
PLD Compiler Software:        PLA2JED.EXE    31/03/2000  [v4.02 ] 6.3 IR 35

JEDEC ASSEMBLE             (08:46:27)

Messages:
  Information: Output file 'p4.pin' created.
  Information: Output file 'p4.jed' created.

  Usercode:    
  Checksum:    84E9



Summary:
                 Error Count = 0      Warning Count = 0

Completed Successfully at 08:46:27
